// Jest Snapshot v1, https://goo.gl/fbAQLP

exports[`FlippableBox flipped it matches the snapshot 1`] = `
.c0 {
  height: 300px;
  width: 200px;
  -webkit-perspective: 1000px;
  -moz-perspective: 1000px;
  -ms-perspective: 1000px;
  perspective: 1000px;
}

.c1 {
  -webkit-transition-duration: 0.5s;
  transition-duration: 0.5s;
  -webkit-transform-style: preserve-3d;
  -ms-transform-style: preserve-3d;
  transform-style: preserve-3d;
  position: absolute;
  top: 0;
  bottom: 0;
  left: 0;
  right: 0;
  -webkit-transform: rotateY(180deg);
  -ms-transform: rotateY(180deg);
  transform: rotateY(180deg);
}

.c2 {
  -webkit-backface-visibility: hidden;
  backface-visibility: hidden;
  overflow: auto;
  position: absolute;
  top: 0;
  bottom: 0;
  left: 0;
  right: 0;
  z-index: 2;
  -webkit-transform: rotateY(0deg);
  -ms-transform: rotateY(0deg);
  transform: rotateY(0deg);
}

.c3 {
  -webkit-backface-visibility: hidden;
  backface-visibility: hidden;
  overflow: auto;
  position: absolute;
  top: 0;
  bottom: 0;
  left: 0;
  right: 0;
  z-index: 1;
  -webkit-transform: rotateY(180deg);
  -ms-transform: rotateY(180deg);
  transform: rotateY(180deg);
}

@media print {
  .c0 {
    -webkit-break-after: always;
    break-after: always;
  }
}

@media print {
  .c1 {
    -webkit-transform-origin: unset;
    -ms-transform-origin: unset;
    transform-origin: unset;
    -webkit-transition-duration: unset;
    transition-duration: unset;
    -webkit-transform: unset;
    -ms-transform: unset;
    transform: unset;
    position: unset;
    top: unset;
    bottom: unset;
    left: unset;
    right: unset;
  }
}

@media print {
  .c2 {
    -webkit-backface-visibility: unset;
    backface-visibility: unset;
    overflow: unset;
    position: unset;
    top: unset;
    bottom: unset;
    left: unset;
    right: unset;
    box-shadow: none;
    border-radius: 0;
    border: 1px dotted;
    border-bottom: 1px solid;
  }
}

@media print {
  .c2 {
    -webkit-transform: unset;
    -ms-transform: unset;
    transform: unset;
  }
}

@media print {
  .c3 {
    -webkit-backface-visibility: unset;
    backface-visibility: unset;
    overflow: unset;
    position: unset;
    top: unset;
    bottom: unset;
    left: unset;
    right: unset;
    box-shadow: none;
    border-radius: 0;
    border: 1px dotted;
    border-bottom: 1px solid;
  }
}

@media print {
  .c3 {
    -webkit-transform: rotate(180deg);
    -ms-transform: rotate(180deg);
    transform: rotate(180deg);
  }
}

<div
  className="sc-AxjAm c0"
  height={300}
  width={200}
>
  <div
    className="sc-AxjAm c1"
  >
    <div
      className="sc-AxjAm sc-AxhCb c2"
    >
      <div>
        This is the front
      </div>
    </div>
    <div
      className="sc-AxjAm sc-AxhCb c3"
    >
      <div>
        This is the back
      </div>
    </div>
  </div>
</div>
`;

exports[`FlippableBox it matches the snapshot 1`] = `
.c0 {
  height: 300px;
  width: 200px;
  -webkit-perspective: 1000px;
  -moz-perspective: 1000px;
  -ms-perspective: 1000px;
  perspective: 1000px;
}

.c1 {
  -webkit-transition-duration: 0.5s;
  transition-duration: 0.5s;
  -webkit-transform-style: preserve-3d;
  -ms-transform-style: preserve-3d;
  transform-style: preserve-3d;
  position: absolute;
  top: 0;
  bottom: 0;
  left: 0;
  right: 0;
}

.c2 {
  -webkit-backface-visibility: hidden;
  backface-visibility: hidden;
  overflow: auto;
  position: absolute;
  top: 0;
  bottom: 0;
  left: 0;
  right: 0;
  z-index: 2;
  -webkit-transform: rotateY(0deg);
  -ms-transform: rotateY(0deg);
  transform: rotateY(0deg);
}

.c3 {
  -webkit-backface-visibility: hidden;
  backface-visibility: hidden;
  overflow: auto;
  position: absolute;
  top: 0;
  bottom: 0;
  left: 0;
  right: 0;
  z-index: 1;
  -webkit-transform: rotateY(180deg);
  -ms-transform: rotateY(180deg);
  transform: rotateY(180deg);
}

@media print {
  .c0 {
    -webkit-break-after: always;
    break-after: always;
  }
}

@media print {
  .c1 {
    -webkit-transform-origin: unset;
    -ms-transform-origin: unset;
    transform-origin: unset;
    -webkit-transition-duration: unset;
    transition-duration: unset;
    -webkit-transform: unset;
    -ms-transform: unset;
    transform: unset;
    position: unset;
    top: unset;
    bottom: unset;
    left: unset;
    right: unset;
  }
}

@media print {
  .c2 {
    -webkit-backface-visibility: unset;
    backface-visibility: unset;
    overflow: unset;
    position: unset;
    top: unset;
    bottom: unset;
    left: unset;
    right: unset;
    box-shadow: none;
    border-radius: 0;
    border: 1px dotted;
    border-bottom: 1px solid;
  }
}

@media print {
  .c2 {
    -webkit-transform: unset;
    -ms-transform: unset;
    transform: unset;
  }
}

@media print {
  .c3 {
    -webkit-backface-visibility: unset;
    backface-visibility: unset;
    overflow: unset;
    position: unset;
    top: unset;
    bottom: unset;
    left: unset;
    right: unset;
    box-shadow: none;
    border-radius: 0;
    border: 1px dotted;
    border-bottom: 1px solid;
  }
}

@media print {
  .c3 {
    -webkit-transform: rotate(180deg);
    -ms-transform: rotate(180deg);
    transform: rotate(180deg);
  }
}

<div
  className="sc-AxjAm c0"
  height={300}
  width={200}
>
  <div
    className="sc-AxjAm c1"
  >
    <div
      className="sc-AxjAm sc-AxhCb c2"
    >
      <div>
        This is the front
      </div>
    </div>
    <div
      className="sc-AxjAm sc-AxhCb c3"
    >
      <div>
        This is the back
      </div>
    </div>
  </div>
</div>
`;
