// Jest Snapshot v1, https://goo.gl/fbAQLP

exports[`Link matches the snapshot 1`] = `
.c0 {
  -webkit-text-decoration: underline;
  text-decoration: underline;
  color: #0000aa;
}

<a
  className="c0"
  color="blue"
  href="/home"
/>
`;
