// Jest Snapshot v1, https://goo.gl/fbAQLP

exports[`IconButton matches the snapshot 1`] = `
.c0 {
  cursor: pointer;
  -webkit-transition: all 0.2s ease;
  transition: all 0.2s ease;
  font-size: 16px;
  padding-left: 16px;
  padding-right: 16px;
  padding-top: 8px;
  padding-bottom: 8px;
  width: 2.5em;
  height: 2.5em;
  border-radius: 12px;
  border-color: #cccccc;
  color: #000000;
  background-color: #ffffff;
  box-shadow: 0 1px 4px 0 rgba(0,0,0,0.27);
  font-family: inherit;
  font-weight: 700;
  line-height: 1.5;
  text-align: center;
  font-size: 16px;
  border-radius: 100%;
}

.c0 > * {
  vertical-align: middle;
}

.c0:disabled {
  opacity: 0.3;
}

.c0:hover {
  box-shadow: 0 2px 8px 0 rgba(0,0,0,0.27);
  background-color: #f2f2f2;
}

.c0:active {
  box-shadow: rgba(0,0,0,0.12) 0px 0px 1px inset;
}

.c0 > svg {
  fill: white;
}

.c0:hover > svg {
  -webkit-transform: scale(1.1);
  -ms-transform: scale(1.1);
  transform: scale(1.1);
}

<button
  className="c0"
  color="#000000"
  fontFamily="inherit"
  fontSize={2}
  fontWeight="bold"
  size="2.5em"
/>
`;
