// Jest Snapshot v1, https://goo.gl/fbAQLP

exports[`LoadingIndicator it matches the snapshot 1`] = `
.c1 {
  display: inline-block;
  -webkit-animation: iVXCSc 2s linear infinite;
  animation: iVXCSc 2s linear infinite;
  padding: 2rem 1rem;
  font-size: 4rem;
}

.c0 {
  text-align: center;
  display: inline-block;
}

<div
  className="c0"
>
  <svg
    aria-hidden="true"
    className="c1"
    focusable="false"
    height="1em"
    tabIndex={-1}
    viewBox="0 0 48 48"
    width="1em"
  >
    <title />
    <path
      d="M24 43C13.5 43 5 34.5 5 24S13.5 5 24 5V0C10.8 0 0 10.8 0 24s10.8 24 24 24 24-10.8 24-24h-5c0 10.5-8.5 19-19 19z"
      fill="#8D8B88"
    />
    <path
      d="M24 0v5c10.5 0 19 8.5 19 19h5C48 10.8 37.2 0 24 0z"
      fill="#C9DE55"
    />
  </svg>
  <div>
    Loading...
  </div>
</div>
`;
