// Jest Snapshot v1, https://goo.gl/fbAQLP

exports[`Button it matches the snapshot 1`] = `
.c0 {
  border-radius: 10px;
  width: medium;
  height: medium;
  box-shadow: 0 2px 4px 0 rgba(0,0,0,0.27);
  font-family: inherit;
  font-weight: 700;
  line-height: 1.5;
  text-align: center;
  cursor: pointer;
  -webkit-transition: all 0.2s ease;
  transition: all 0.2s ease;
  font-size: 1em;
  padding: 0.5em 1em;
  border: 1px solid #dce2e9;
  color: #354242;
  background-color: #ffffff;
}

.c0:hover {
  background-color: rgba(237,240,244,0.42);
}

.c0 > * {
  vertical-align: middle;
}

.c0:disabled {
  opacity: 0.3;
}

<button
  className="c0"
  fontFamily="inherit"
  fontWeight="bold"
  size="medium"
/>
`;
